---
source: tests/examples.rs
expression: schema
---
Schema {
    crate_name: "hello-kotlin",
    functions: [
        SchemaFn {
            rust_name: "make_holder",
            kotlin_name: "makeHolder",
            module_path: Some(
                "hello_kotlin",
            ),
            parent: None,
            params: [],
            return_type: Struct {
                name: "StatusHolder",
                module_path: Some(
                    "hello_kotlin",
                ),
            },
        },
        SchemaFn {
            rust_name: "c_status_is_err",
            kotlin_name: "cStatusIsErr",
            module_path: Some(
                "hello_kotlin",
            ),
            parent: None,
            params: [
                SchemaParam {
                    name: "s",
                    ty: Enum {
                        name: "CStatus",
                        module_path: Some(
                            "hello_kotlin",
                        ),
                        discriminant: U32,
                        has_data: false,
                    },
                    is_receiver: false,
                    is_mut_receiver: false,
                },
            ],
            return_type: Scalar(
                Bool,
            ),
        },
        SchemaFn {
            rust_name: "first_describe",
            kotlin_name: "firstDescribe",
            module_path: Some(
                "hello_kotlin",
            ),
            parent: Some(
                Struct {
                    name: "WindowPair",
                    module_path: Some(
                        "hello_kotlin",
                    ),
                },
            ),
            params: [
                SchemaParam {
                    name: "self",
                    ty: Struct {
                        name: "WindowPair",
                        module_path: Some(
                            "hello_kotlin",
                        ),
                    },
                    is_receiver: true,
                    is_mut_receiver: false,
                },
            ],
            return_type: Scalar(
                U64,
            ),
        },
        SchemaFn {
            rust_name: "describe_format",
            kotlin_name: "describeFormat",
            module_path: Some(
                "hello_kotlin",
            ),
            parent: Some(
                Struct {
                    name: "Payload",
                    module_path: Some(
                        "hello_kotlin",
                    ),
                },
            ),
            params: [],
            return_type: Scalar(
                U32,
            ),
        },
        SchemaFn {
            rust_name: "result_value",
            kotlin_name: "resultValue",
            module_path: Some(
                "hello_kotlin",
            ),
            parent: None,
            params: [
                SchemaParam {
                    name: "r",
                    ty: Result {
                        ok: Scalar(
                            U32,
                        ),
                        err: Scalar(
                            U8,
                        ),
                    },
                    is_receiver: false,
                    is_mut_receiver: false,
                },
            ],
            return_type: Scalar(
                U32,
            ),
        },
        SchemaFn {
            rust_name: "make_rect",
            kotlin_name: "makeRect",
            module_path: Some(
                "hello_kotlin",
            ),
            parent: None,
            params: [],
            return_type: Struct {
                name: "Rect",
                module_path: Some(
                    "hello_kotlin",
                ),
            },
        },
        SchemaFn {
            rust_name: "holder_status",
            kotlin_name: "holderStatus",
            module_path: Some(
                "hello_kotlin",
            ),
            parent: None,
            params: [
                SchemaParam {
                    name: "h",
                    ty: Struct {
                        name: "StatusHolder",
                        module_path: Some(
                            "hello_kotlin",
                        ),
                    },
                    is_receiver: false,
                    is_mut_receiver: false,
                },
            ],
            return_type: Enum {
                name: "Status",
                module_path: Some(
                    "hello_kotlin",
                ),
                discriminant: I32,
                has_data: true,
            },
        },
        SchemaFn {
            rust_name: "divide",
            kotlin_name: "divide",
            module_path: Some(
                "hello_kotlin",
            ),
            parent: None,
            params: [
                SchemaParam {
                    name: "n",
                    ty: Scalar(
                        U32,
                    ),
                    is_receiver: false,
                    is_mut_receiver: false,
                },
                SchemaParam {
                    name: "d",
                    ty: Scalar(
                        U32,
                    ),
                    is_receiver: false,
                    is_mut_receiver: false,
                },
            ],
            return_type: Result {
                ok: Scalar(
                    U32,
                ),
                err: Scalar(
                    U8,
                ),
            },
        },
        SchemaFn {
            rust_name: "drink",
            kotlin_name: "drink",
            module_path: Some(
                "hello_kotlin",
            ),
            parent: None,
            params: [
                SchemaParam {
                    name: "x",
                    ty: Scalar(
                        U32,
                    ),
                    is_receiver: false,
                    is_mut_receiver: false,
                },
            ],
            return_type: Result {
                ok: Option {
                    inner: Scalar(
                        U32,
                    ),
                },
                err: Scalar(
                    U8,
                ),
            },
        },
        SchemaFn {
            rust_name: "make_status",
            kotlin_name: "makeStatus",
            module_path: Some(
                "hello_kotlin",
            ),
            parent: None,
            params: [],
            return_type: Enum {
                name: "Status",
                module_path: Some(
                    "hello_kotlin",
                ),
                discriminant: I32,
                has_data: true,
            },
        },
        SchemaFn {
            rust_name: "describe",
            kotlin_name: "describe",
            module_path: Some(
                "hello_kotlin",
            ),
            parent: Some(
                Opaque {
                    name: "Window",
                    module_path: Some(
                        "hello_kotlin",
                    ),
                },
            ),
            params: [
                SchemaParam {
                    name: "self",
                    ty: Opaque {
                        name: "Window",
                        module_path: Some(
                            "hello_kotlin",
                        ),
                    },
                    is_receiver: true,
                    is_mut_receiver: false,
                },
            ],
            return_type: Scalar(
                U64,
            ),
        },
        SchemaFn {
            rust_name: "nothing",
            kotlin_name: "nothing",
            module_path: Some(
                "hello_kotlin",
            ),
            parent: None,
            params: [],
            return_type: Option {
                inner: Scalar(
                    U32,
                ),
            },
        },
        SchemaFn {
            rust_name: "describe",
            kotlin_name: "describe",
            module_path: Some(
                "hello_kotlin",
            ),
            parent: Some(
                Enum {
                    name: "Status",
                    module_path: Some(
                        "hello_kotlin",
                    ),
                    discriminant: I32,
                    has_data: true,
                },
            ),
            params: [
                SchemaParam {
                    name: "self",
                    ty: Enum {
                        name: "Status",
                        module_path: Some(
                            "hello_kotlin",
                        ),
                        discriminant: I32,
                        has_data: true,
                    },
                    is_receiver: true,
                    is_mut_receiver: false,
                },
            ],
            return_type: Scalar(
                U32,
            ),
        },
        SchemaFn {
            rust_name: "describe_window",
            kotlin_name: "describeWindow",
            module_path: Some(
                "hello_kotlin",
            ),
            parent: None,
            params: [
                SchemaParam {
                    name: "w",
                    ty: Opaque {
                        name: "Window",
                        module_path: Some(
                            "hello_kotlin",
                        ),
                    },
                    is_receiver: false,
                    is_mut_receiver: false,
                },
            ],
            return_type: Scalar(
                U64,
            ),
        },
        SchemaFn {
            rust_name: "ride",
            kotlin_name: "ride",
            module_path: Some(
                "hello_kotlin",
            ),
            parent: None,
            params: [
                SchemaParam {
                    name: "dance",
                    ty: Option {
                        inner: Struct {
                            name: "Dancer",
                            module_path: Some(
                                "hello_kotlin",
                            ),
                        },
                    },
                    is_receiver: false,
                    is_mut_receiver: false,
                },
            ],
            return_type: Option {
                inner: Struct {
                    name: "Dancer",
                    module_path: Some(
                        "hello_kotlin",
                    ),
                },
            },
        },
        SchemaFn {
            rust_name: "how_long",
            kotlin_name: "howLong",
            module_path: Some(
                "hello_kotlin",
            ),
            parent: None,
            params: [
                SchemaParam {
                    name: "seconds",
                    ty: Option {
                        inner: Scalar(
                            F64,
                        ),
                    },
                    is_receiver: false,
                    is_mut_receiver: false,
                },
            ],
            return_type: Scalar(
                F64,
            ),
        },
        SchemaFn {
            rust_name: "c_status",
            kotlin_name: "cStatus",
            module_path: Some(
                "hello_kotlin",
            ),
            parent: None,
            params: [],
            return_type: Enum {
                name: "CStatus",
                module_path: Some(
                    "hello_kotlin",
                ),
                discriminant: U32,
                has_data: false,
            },
        },
        SchemaFn {
            rust_name: "with_data",
            kotlin_name: "withData",
            module_path: Some(
                "hello_kotlin",
            ),
            parent: Some(
                Struct {
                    name: "Payload",
                    module_path: Some(
                        "hello_kotlin",
                    ),
                },
            ),
            params: [
                SchemaParam {
                    name: "self",
                    ty: Struct {
                        name: "Payload",
                        module_path: Some(
                            "hello_kotlin",
                        ),
                    },
                    is_receiver: true,
                    is_mut_receiver: false,
                },
                SchemaParam {
                    name: "data",
                    ty: Scalar(
                        U16,
                    ),
                    is_receiver: false,
                    is_mut_receiver: false,
                },
            ],
            return_type: Struct {
                name: "Payload",
                module_path: Some(
                    "hello_kotlin",
                ),
            },
        },
        SchemaFn {
            rust_name: "favorite",
            kotlin_name: "favorite",
            module_path: Some(
                "hello_kotlin",
            ),
            parent: None,
            params: [],
            return_type: Option {
                inner: Scalar(
                    U32,
                ),
            },
        },
        SchemaFn {
            rust_name: "new",
            kotlin_name: "new",
            module_path: Some(
                "hello_kotlin",
            ),
            parent: Some(
                Struct {
                    name: "WindowPair",
                    module_path: Some(
                        "hello_kotlin",
                    ),
                },
            ),
            params: [
                SchemaParam {
                    name: "a",
                    ty: Scalar(
                        U64,
                    ),
                    is_receiver: false,
                    is_mut_receiver: false,
                },
                SchemaParam {
                    name: "b",
                    ty: Scalar(
                        U64,
                    ),
                    is_receiver: false,
                    is_mut_receiver: false,
                },
            ],
            return_type: Struct {
                name: "WindowPair",
                module_path: Some(
                    "hello_kotlin",
                ),
            },
        },
        SchemaFn {
            rust_name: "nominate",
            kotlin_name: "nominate",
            module_path: Some(
                "hello_kotlin",
            ),
            parent: None,
            params: [
                SchemaParam {
                    name: "x",
                    ty: Scalar(
                        U32,
                    ),
                    is_receiver: false,
                    is_mut_receiver: false,
                },
            ],
            return_type: Result {
                ok: Struct {
                    name: "Payload",
                    module_path: Some(
                        "hello_kotlin",
                    ),
                },
                err: Enum {
                    name: "Status",
                    module_path: Some(
                        "hello_kotlin",
                    ),
                    discriminant: I32,
                    has_data: true,
                },
            },
        },
        SchemaFn {
            rust_name: "retag",
            kotlin_name: "retag",
            module_path: Some(
                "hello_kotlin",
            ),
            parent: Some(
                Opaque {
                    name: "Window",
                    module_path: Some(
                        "hello_kotlin",
                    ),
                },
            ),
            params: [
                SchemaParam {
                    name: "self",
                    ty: Opaque {
                        name: "Window",
                        module_path: Some(
                            "hello_kotlin",
                        ),
                    },
                    is_receiver: true,
                    is_mut_receiver: true,
                },
                SchemaParam {
                    name: "id",
                    ty: Scalar(
                        U64,
                    ),
                    is_receiver: false,
                    is_mut_receiver: false,
                },
            ],
            return_type: Scalar(
                U64,
            ),
        },
        SchemaFn {
            rust_name: "mood",
            kotlin_name: "mood",
            module_path: Some(
                "hello_kotlin",
            ),
            parent: None,
            params: [],
            return_type: Enum {
                name: "Mood",
                module_path: Some(
                    "hello_kotlin",
                ),
                discriminant: I32,
                has_data: true,
            },
        },
        SchemaFn {
            rust_name: "describe",
            kotlin_name: "describe",
            module_path: Some(
                "hello_kotlin",
            ),
            parent: Some(
                Struct {
                    name: "Payload",
                    module_path: Some(
                        "hello_kotlin",
                    ),
                },
            ),
            params: [
                SchemaParam {
                    name: "self",
                    ty: Struct {
                        name: "Payload",
                        module_path: Some(
                            "hello_kotlin",
                        ),
                    },
                    is_receiver: true,
                    is_mut_receiver: false,
                },
            ],
            return_type: Scalar(
                U32,
            ),
        },
        SchemaFn {
            rust_name: "retag_a",
            kotlin_name: "retagA",
            module_path: Some(
                "hello_kotlin",
            ),
            parent: Some(
                Struct {
                    name: "WindowPair",
                    module_path: Some(
                        "hello_kotlin",
                    ),
                },
            ),
            params: [
                SchemaParam {
                    name: "self",
                    ty: Struct {
                        name: "WindowPair",
                        module_path: Some(
                            "hello_kotlin",
                        ),
                    },
                    is_receiver: true,
                    is_mut_receiver: true,
                },
                SchemaParam {
                    name: "id",
                    ty: Scalar(
                        U64,
                    ),
                    is_receiver: false,
                    is_mut_receiver: false,
                },
            ],
            return_type: Scalar(
                U64,
            ),
        },
        SchemaFn {
            rust_name: "status_code",
            kotlin_name: "statusCode",
            module_path: Some(
                "hello_kotlin",
            ),
            parent: None,
            params: [
                SchemaParam {
                    name: "s",
                    ty: Enum {
                        name: "Status",
                        module_path: Some(
                            "hello_kotlin",
                        ),
                        discriminant: I32,
                        has_data: true,
                    },
                    is_receiver: false,
                    is_mut_receiver: false,
                },
            ],
            return_type: Scalar(
                U32,
            ),
        },
        SchemaFn {
            rust_name: "paint",
            kotlin_name: "paint",
            module_path: Some(
                "hello_kotlin",
            ),
            parent: None,
            params: [
                SchemaParam {
                    name: "color",
                    ty: Option {
                        inner: Scalar(
                            Bool,
                        ),
                    },
                    is_receiver: false,
                    is_mut_receiver: false,
                },
            ],
            return_type: Scalar(
                Bool,
            ),
        },
        SchemaFn {
            rust_name: "new_busy",
            kotlin_name: "newBusy",
            module_path: Some(
                "hello_kotlin",
            ),
            parent: Some(
                Enum {
                    name: "Status",
                    module_path: Some(
                        "hello_kotlin",
                    ),
                    discriminant: I32,
                    has_data: true,
                },
            ),
            params: [
                SchemaParam {
                    name: "code",
                    ty: Scalar(
                        U32,
                    ),
                    is_receiver: false,
                    is_mut_receiver: false,
                },
            ],
            return_type: Enum {
                name: "Status",
                module_path: Some(
                    "hello_kotlin",
                ),
                discriminant: I32,
                has_data: true,
            },
        },
        SchemaFn {
            rust_name: "idle",
            kotlin_name: "idle",
            module_path: Some(
                "hello_kotlin",
            ),
            parent: Some(
                Enum {
                    name: "Status",
                    module_path: Some(
                        "hello_kotlin",
                    ),
                    discriminant: I32,
                    has_data: true,
                },
            ),
            params: [],
            return_type: Enum {
                name: "Status",
                module_path: Some(
                    "hello_kotlin",
                ),
                discriminant: I32,
                has_data: true,
            },
        },
        SchemaFn {
            rust_name: "rect_area",
            kotlin_name: "rectArea",
            module_path: Some(
                "hello_kotlin",
            ),
            parent: None,
            params: [
                SchemaParam {
                    name: "r",
                    ty: Struct {
                        name: "Rect",
                        module_path: Some(
                            "hello_kotlin",
                        ),
                    },
                    is_receiver: false,
                    is_mut_receiver: false,
                },
            ],
            return_type: Scalar(
                I32,
            ),
        },
        SchemaFn {
            rust_name: "mood_is_flying",
            kotlin_name: "moodIsFlying",
            module_path: Some(
                "hello_kotlin",
            ),
            parent: None,
            params: [
                SchemaParam {
                    name: "m",
                    ty: Enum {
                        name: "Mood",
                        module_path: Some(
                            "hello_kotlin",
                        ),
                        discriminant: I32,
                        has_data: true,
                    },
                    is_receiver: false,
                    is_mut_receiver: false,
                },
            ],
            return_type: Scalar(
                Bool,
            ),
        },
        SchemaFn {
            rust_name: "encrypt",
            kotlin_name: "encrypt",
            module_path: Some(
                "hello_kotlin",
            ),
            parent: None,
            params: [
                SchemaParam {
                    name: "secret",
                    ty: Struct {
                        name: "SafePacket",
                        module_path: Some(
                            "hello_kotlin",
                        ),
                    },
                    is_receiver: false,
                    is_mut_receiver: false,
                },
            ],
            return_type: Struct {
                name: "SafePacket",
                module_path: Some(
                    "hello_kotlin",
                ),
            },
        },
        SchemaFn {
            rust_name: "open",
            kotlin_name: "open",
            module_path: Some(
                "hello_kotlin",
            ),
            parent: Some(
                Opaque {
                    name: "Window",
                    module_path: Some(
                        "hello_kotlin",
                    ),
                },
            ),
            params: [
                SchemaParam {
                    name: "id",
                    ty: Scalar(
                        U64,
                    ),
                    is_receiver: false,
                    is_mut_receiver: false,
                },
            ],
            return_type: Opaque {
                name: "Window",
                module_path: Some(
                    "hello_kotlin",
                ),
            },
        },
        SchemaFn {
            rust_name: "maybe_payload",
            kotlin_name: "maybePayload",
            module_path: Some(
                "hello_kotlin",
            ),
            parent: None,
            params: [
                SchemaParam {
                    name: "show",
                    ty: Scalar(
                        Bool,
                    ),
                    is_receiver: false,
                    is_mut_receiver: false,
                },
            ],
            return_type: Option {
                inner: Struct {
                    name: "Payload",
                    module_path: Some(
                        "hello_kotlin",
                    ),
                },
            },
        },
        SchemaFn {
            rust_name: "new",
            kotlin_name: "new",
            module_path: Some(
                "hello_kotlin",
            ),
            parent: Some(
                Struct {
                    name: "Payload",
                    module_path: Some(
                        "hello_kotlin",
                    ),
                },
            ),
            params: [
                SchemaParam {
                    name: "data",
                    ty: Scalar(
                        U16,
                    ),
                    is_receiver: false,
                    is_mut_receiver: false,
                },
            ],
            return_type: Struct {
                name: "Payload",
                module_path: Some(
                    "hello_kotlin",
                ),
            },
        },
        SchemaFn {
            rust_name: "add_optional",
            kotlin_name: "addOptional",
            module_path: Some(
                "hello_kotlin",
            ),
            parent: None,
            params: [
                SchemaParam {
                    name: "a",
                    ty: Scalar(
                        U32,
                    ),
                    is_receiver: false,
                    is_mut_receiver: false,
                },
                SchemaParam {
                    name: "b",
                    ty: Option {
                        inner: Scalar(
                            U32,
                        ),
                    },
                    is_receiver: false,
                    is_mut_receiver: false,
                },
            ],
            return_type: Scalar(
                U32,
            ),
        },
        SchemaFn {
            rust_name: "hello",
            kotlin_name: "hello",
            module_path: Some(
                "hello_kotlin",
            ),
            parent: None,
            params: [],
            return_type: Struct {
                name: "Payload",
                module_path: Some(
                    "hello_kotlin",
                ),
            },
        },
        SchemaFn {
            rust_name: "rect_top_left",
            kotlin_name: "rectTopLeft",
            module_path: Some(
                "hello_kotlin",
            ),
            parent: None,
            params: [
                SchemaParam {
                    name: "r",
                    ty: Struct {
                        name: "Rect",
                        module_path: Some(
                            "hello_kotlin",
                        ),
                    },
                    is_receiver: false,
                    is_mut_receiver: false,
                },
            ],
            return_type: Struct {
                name: "Point",
                module_path: Some(
                    "hello_kotlin",
                ),
            },
        },
    ],
    structs: [
        SchemaStruct {
            name: "Dancer",
            module_path: Some(
                "hello_kotlin",
            ),
            fields: [
                SchemaField {
                    name: "id",
                    ty: Scalar(
                        U32,
                    ),
                    is_proxy: false,
                    real_ty: None,
                },
                SchemaField {
                    name: "active",
                    ty: Option {
                        inner: Scalar(
                            Bool,
                        ),
                    },
                    is_proxy: false,
                    real_ty: None,
                },
            ],
            layout: StructLayoutInfo {
                entries: [
                    Value {
                        kotlin_layout: "ValueLayout.JAVA_INT",
                        name: "id",
                    },
                    Value {
                        kotlin_layout: "__koffi_option_boolLayout",
                        name: "active",
                    },
                    Padding {
                        bytes: 2,
                    },
                ],
                placements: [
                    FieldPlacement {
                        name: "id",
                        ty: Scalar(
                            U32,
                        ),
                        offset: 0,
                        is_proxy: false,
                        real_ty: None,
                    },
                    FieldPlacement {
                        name: "active",
                        ty: Option {
                            inner: Scalar(
                                Bool,
                            ),
                        },
                        offset: 4,
                        is_proxy: false,
                        real_ty: None,
                    },
                ],
                total: Layout {
                    size: 8,
                    align: 4,
                },
            },
        },
        SchemaStruct {
            name: "Payload",
            module_path: Some(
                "hello_kotlin",
            ),
            fields: [
                SchemaField {
                    name: "data",
                    ty: Scalar(
                        U16,
                    ),
                    is_proxy: false,
                    real_ty: None,
                },
            ],
            layout: StructLayoutInfo {
                entries: [
                    Value {
                        kotlin_layout: "ValueLayout.JAVA_SHORT",
                        name: "data",
                    },
                ],
                placements: [
                    FieldPlacement {
                        name: "data",
                        ty: Scalar(
                            U16,
                        ),
                        offset: 0,
                        is_proxy: false,
                        real_ty: None,
                    },
                ],
                total: Layout {
                    size: 2,
                    align: 2,
                },
            },
        },
        SchemaStruct {
            name: "Point",
            module_path: Some(
                "hello_kotlin",
            ),
            fields: [
                SchemaField {
                    name: "x",
                    ty: Scalar(
                        I32,
                    ),
                    is_proxy: false,
                    real_ty: None,
                },
                SchemaField {
                    name: "y",
                    ty: Scalar(
                        I32,
                    ),
                    is_proxy: false,
                    real_ty: None,
                },
            ],
            layout: StructLayoutInfo {
                entries: [
                    Value {
                        kotlin_layout: "ValueLayout.JAVA_INT",
                        name: "x",
                    },
                    Value {
                        kotlin_layout: "ValueLayout.JAVA_INT",
                        name: "y",
                    },
                ],
                placements: [
                    FieldPlacement {
                        name: "x",
                        ty: Scalar(
                            I32,
                        ),
                        offset: 0,
                        is_proxy: false,
                        real_ty: None,
                    },
                    FieldPlacement {
                        name: "y",
                        ty: Scalar(
                            I32,
                        ),
                        offset: 4,
                        is_proxy: false,
                        real_ty: None,
                    },
                ],
                total: Layout {
                    size: 8,
                    align: 4,
                },
            },
        },
        SchemaStruct {
            name: "Rect",
            module_path: Some(
                "hello_kotlin",
            ),
            fields: [
                SchemaField {
                    name: "top_left",
                    ty: Struct {
                        name: "Point",
                        module_path: Some(
                            "hello_kotlin",
                        ),
                    },
                    is_proxy: false,
                    real_ty: None,
                },
                SchemaField {
                    name: "bottom_right",
                    ty: Struct {
                        name: "Point",
                        module_path: Some(
                            "hello_kotlin",
                        ),
                    },
                    is_proxy: false,
                    real_ty: None,
                },
            ],
            layout: StructLayoutInfo {
                entries: [
                    Value {
                        kotlin_layout: "__koffi_struct_hello_kotlin_PointLayout",
                        name: "top_left",
                    },
                    Value {
                        kotlin_layout: "__koffi_struct_hello_kotlin_PointLayout",
                        name: "bottom_right",
                    },
                ],
                placements: [
                    FieldPlacement {
                        name: "top_left",
                        ty: Struct {
                            name: "Point",
                            module_path: Some(
                                "hello_kotlin",
                            ),
                        },
                        offset: 0,
                        is_proxy: false,
                        real_ty: None,
                    },
                    FieldPlacement {
                        name: "bottom_right",
                        ty: Struct {
                            name: "Point",
                            module_path: Some(
                                "hello_kotlin",
                            ),
                        },
                        offset: 8,
                        is_proxy: false,
                        real_ty: None,
                    },
                ],
                total: Layout {
                    size: 16,
                    align: 4,
                },
            },
        },
        SchemaStruct {
            name: "SafePacket",
            module_path: Some(
                "hello_kotlin",
            ),
            fields: [
                SchemaField {
                    name: "secret",
                    ty: Struct {
                        name: "SecretWire",
                        module_path: Some(
                            "hello_kotlin",
                        ),
                    },
                    is_proxy: true,
                    real_ty: Some(
                        (
                            "Secret",
                            Some(
                                "hello_kotlin",
                            ),
                        ),
                    ),
                },
                SchemaField {
                    name: "hop",
                    ty: Scalar(
                        U8,
                    ),
                    is_proxy: false,
                    real_ty: None,
                },
            ],
            layout: StructLayoutInfo {
                entries: [
                    Value {
                        kotlin_layout: "__koffi_struct_hello_kotlin_SecretWireLayout",
                        name: "secret",
                    },
                    Value {
                        kotlin_layout: "ValueLayout.JAVA_BYTE",
                        name: "hop",
                    },
                ],
                placements: [
                    FieldPlacement {
                        name: "secret",
                        ty: Struct {
                            name: "SecretWire",
                            module_path: Some(
                                "hello_kotlin",
                            ),
                        },
                        offset: 0,
                        is_proxy: true,
                        real_ty: Some(
                            (
                                "Secret",
                                Some(
                                    "hello_kotlin",
                                ),
                            ),
                        ),
                    },
                    FieldPlacement {
                        name: "hop",
                        ty: Scalar(
                            U8,
                        ),
                        offset: 4,
                        is_proxy: false,
                        real_ty: None,
                    },
                ],
                total: Layout {
                    size: 5,
                    align: 1,
                },
            },
        },
        SchemaStruct {
            name: "SecretWire",
            module_path: Some(
                "hello_kotlin",
            ),
            fields: [
                SchemaField {
                    name: "a",
                    ty: Scalar(
                        U8,
                    ),
                    is_proxy: false,
                    real_ty: None,
                },
                SchemaField {
                    name: "b",
                    ty: Scalar(
                        U8,
                    ),
                    is_proxy: false,
                    real_ty: None,
                },
                SchemaField {
                    name: "c",
                    ty: Scalar(
                        U8,
                    ),
                    is_proxy: false,
                    real_ty: None,
                },
                SchemaField {
                    name: "d",
                    ty: Scalar(
                        U8,
                    ),
                    is_proxy: false,
                    real_ty: None,
                },
            ],
            layout: StructLayoutInfo {
                entries: [
                    Value {
                        kotlin_layout: "ValueLayout.JAVA_BYTE",
                        name: "a",
                    },
                    Value {
                        kotlin_layout: "ValueLayout.JAVA_BYTE",
                        name: "b",
                    },
                    Value {
                        kotlin_layout: "ValueLayout.JAVA_BYTE",
                        name: "c",
                    },
                    Value {
                        kotlin_layout: "ValueLayout.JAVA_BYTE",
                        name: "d",
                    },
                ],
                placements: [
                    FieldPlacement {
                        name: "a",
                        ty: Scalar(
                            U8,
                        ),
                        offset: 0,
                        is_proxy: false,
                        real_ty: None,
                    },
                    FieldPlacement {
                        name: "b",
                        ty: Scalar(
                            U8,
                        ),
                        offset: 1,
                        is_proxy: false,
                        real_ty: None,
                    },
                    FieldPlacement {
                        name: "c",
                        ty: Scalar(
                            U8,
                        ),
                        offset: 2,
                        is_proxy: false,
                        real_ty: None,
                    },
                    FieldPlacement {
                        name: "d",
                        ty: Scalar(
                            U8,
                        ),
                        offset: 3,
                        is_proxy: false,
                        real_ty: None,
                    },
                ],
                total: Layout {
                    size: 4,
                    align: 1,
                },
            },
        },
        SchemaStruct {
            name: "StatusHolder",
            module_path: Some(
                "hello_kotlin",
            ),
            fields: [
                SchemaField {
                    name: "status",
                    ty: Enum {
                        name: "Status",
                        module_path: Some(
                            "hello_kotlin",
                        ),
                        discriminant: I32,
                        has_data: true,
                    },
                    is_proxy: false,
                    real_ty: None,
                },
                SchemaField {
                    name: "tag",
                    ty: Scalar(
                        U8,
                    ),
                    is_proxy: false,
                    real_ty: None,
                },
            ],
            layout: StructLayoutInfo {
                entries: [
                    Value {
                        kotlin_layout: "__koffi_enum_hello_kotlin_StatusLayout",
                        name: "status",
                    },
                    Value {
                        kotlin_layout: "ValueLayout.JAVA_BYTE",
                        name: "tag",
                    },
                    Padding {
                        bytes: 3,
                    },
                ],
                placements: [
                    FieldPlacement {
                        name: "status",
                        ty: Enum {
                            name: "Status",
                            module_path: Some(
                                "hello_kotlin",
                            ),
                            discriminant: I32,
                            has_data: true,
                        },
                        offset: 0,
                        is_proxy: false,
                        real_ty: None,
                    },
                    FieldPlacement {
                        name: "tag",
                        ty: Scalar(
                            U8,
                        ),
                        offset: 8,
                        is_proxy: false,
                        real_ty: None,
                    },
                ],
                total: Layout {
                    size: 12,
                    align: 4,
                },
            },
        },
        SchemaStruct {
            name: "WindowPair",
            module_path: Some(
                "hello_kotlin",
            ),
            fields: [
                SchemaField {
                    name: "a",
                    ty: Opaque {
                        name: "Window",
                        module_path: Some(
                            "hello_kotlin",
                        ),
                    },
                    is_proxy: false,
                    real_ty: None,
                },
                SchemaField {
                    name: "b",
                    ty: Opaque {
                        name: "Window",
                        module_path: Some(
                            "hello_kotlin",
                        ),
                    },
                    is_proxy: false,
                    real_ty: None,
                },
                SchemaField {
                    name: "tag",
                    ty: Scalar(
                        U8,
                    ),
                    is_proxy: false,
                    real_ty: None,
                },
            ],
            layout: StructLayoutInfo {
                entries: [
                    Value {
                        kotlin_layout: "ValueLayout.ADDRESS",
                        name: "a",
                    },
                    Value {
                        kotlin_layout: "ValueLayout.ADDRESS",
                        name: "b",
                    },
                    Value {
                        kotlin_layout: "ValueLayout.JAVA_BYTE",
                        name: "tag",
                    },
                    Padding {
                        bytes: 7,
                    },
                ],
                placements: [
                    FieldPlacement {
                        name: "a",
                        ty: Opaque {
                            name: "Window",
                            module_path: Some(
                                "hello_kotlin",
                            ),
                        },
                        offset: 0,
                        is_proxy: false,
                        real_ty: None,
                    },
                    FieldPlacement {
                        name: "b",
                        ty: Opaque {
                            name: "Window",
                            module_path: Some(
                                "hello_kotlin",
                            ),
                        },
                        offset: 8,
                        is_proxy: false,
                        real_ty: None,
                    },
                    FieldPlacement {
                        name: "tag",
                        ty: Scalar(
                            U8,
                        ),
                        offset: 16,
                        is_proxy: false,
                        real_ty: None,
                    },
                ],
                total: Layout {
                    size: 24,
                    align: 8,
                },
            },
        },
    ],
    enums: [
        SchemaEnum {
            name: "CStatus",
            module_path: Some(
                "hello_kotlin",
            ),
            discriminant: U32,
            has_data: false,
            variants: [
                SchemaEnumVariant {
                    name: "Ok",
                    discriminant: 0,
                    placements: [],
                    is_struct_variant: false,
                },
                SchemaEnumVariant {
                    name: "Err",
                    discriminant: -1,
                    placements: [],
                    is_struct_variant: false,
                },
            ],
            layout: StructLayoutInfo {
                entries: [
                    Value {
                        kotlin_layout: "ValueLayout.JAVA_INT",
                        name: "discriminant",
                    },
                ],
                placements: [],
                total: Layout {
                    size: 4,
                    align: 4,
                },
            },
        },
        SchemaEnum {
            name: "Mood",
            module_path: Some(
                "hello_kotlin",
            ),
            discriminant: I32,
            has_data: true,
            variants: [
                SchemaEnumVariant {
                    name: "Fine",
                    discriminant: 0,
                    placements: [],
                    is_struct_variant: false,
                },
                SchemaEnumVariant {
                    name: "Flying",
                    discriminant: 1,
                    placements: [
                        FieldPlacement {
                            name: "field0",
                            ty: Option {
                                inner: Scalar(
                                    Bool,
                                ),
                            },
                            offset: 4,
                            is_proxy: false,
                            real_ty: None,
                        },
                    ],
                    is_struct_variant: false,
                },
            ],
            layout: StructLayoutInfo {
                entries: [
                    Value {
                        kotlin_layout: "ValueLayout.JAVA_INT",
                        name: "discriminant",
                    },
                    Value {
                        kotlin_layout: "__koffi_option_boolLayout",
                        name: "",
                    },
                    Padding {
                        bytes: 2,
                    },
                ],
                placements: [
                    FieldPlacement {
                        name: "field0",
                        ty: Option {
                            inner: Scalar(
                                Bool,
                            ),
                        },
                        offset: 4,
                        is_proxy: false,
                        real_ty: None,
                    },
                ],
                total: Layout {
                    size: 8,
                    align: 4,
                },
            },
        },
        SchemaEnum {
            name: "Status",
            module_path: Some(
                "hello_kotlin",
            ),
            discriminant: I32,
            has_data: true,
            variants: [
                SchemaEnumVariant {
                    name: "Idle",
                    discriminant: 0,
                    placements: [],
                    is_struct_variant: false,
                },
                SchemaEnumVariant {
                    name: "Busy",
                    discriminant: 1,
                    placements: [
                        FieldPlacement {
                            name: "field0",
                            ty: Scalar(
                                U32,
                            ),
                            offset: 4,
                            is_proxy: false,
                            real_ty: None,
                        },
                    ],
                    is_struct_variant: false,
                },
                SchemaEnumVariant {
                    name: "Error",
                    discriminant: 2,
                    placements: [
                        FieldPlacement {
                            name: "code",
                            ty: Scalar(
                                U32,
                            ),
                            offset: 4,
                            is_proxy: false,
                            real_ty: None,
                        },
                    ],
                    is_struct_variant: true,
                },
                SchemaEnumVariant {
                    name: "Failed",
                    discriminant: -1,
                    placements: [],
                    is_struct_variant: false,
                },
            ],
            layout: StructLayoutInfo {
                entries: [
                    Value {
                        kotlin_layout: "ValueLayout.JAVA_INT",
                        name: "discriminant",
                    },
                    Value {
                        kotlin_layout: "ValueLayout.JAVA_INT",
                        name: "",
                    },
                ],
                placements: [
                    FieldPlacement {
                        name: "field0",
                        ty: Scalar(
                            U32,
                        ),
                        offset: 4,
                        is_proxy: false,
                        real_ty: None,
                    },
                    FieldPlacement {
                        name: "code",
                        ty: Scalar(
                            U32,
                        ),
                        offset: 4,
                        is_proxy: false,
                        real_ty: None,
                    },
                ],
                total: Layout {
                    size: 8,
                    align: 4,
                },
            },
        },
    ],
    wrappers: [
        SchemaWrapper {
            kind: Option,
            unique_ident: "__koffi_option___koffi_struct_hello_kotlin_Dancer",
            members: [
                WrapperMember {
                    name: "some",
                    ty: Struct {
                        name: "Dancer",
                        module_path: Some(
                            "hello_kotlin",
                        ),
                    },
                },
            ],
            layout: StructLayoutInfo {
                entries: [
                    Value {
                        kotlin_layout: "ValueLayout.JAVA_BYTE",
                        name: "discriminant",
                    },
                    Padding {
                        bytes: 3,
                    },
                    Value {
                        kotlin_layout: "__koffi_struct_hello_kotlin_DancerLayout",
                        name: "",
                    },
                ],
                placements: [
                    FieldPlacement {
                        name: "some",
                        ty: Struct {
                            name: "Dancer",
                            module_path: Some(
                                "hello_kotlin",
                            ),
                        },
                        offset: 4,
                        is_proxy: false,
                        real_ty: None,
                    },
                ],
                total: Layout {
                    size: 12,
                    align: 4,
                },
            },
        },
        SchemaWrapper {
            kind: Option,
            unique_ident: "__koffi_option___koffi_struct_hello_kotlin_Payload",
            members: [
                WrapperMember {
                    name: "some",
                    ty: Struct {
                        name: "Payload",
                        module_path: Some(
                            "hello_kotlin",
                        ),
                    },
                },
            ],
            layout: StructLayoutInfo {
                entries: [
                    Value {
                        kotlin_layout: "ValueLayout.JAVA_BYTE",
                        name: "discriminant",
                    },
                    Padding {
                        bytes: 1,
                    },
                    Value {
                        kotlin_layout: "__koffi_struct_hello_kotlin_PayloadLayout",
                        name: "",
                    },
                ],
                placements: [
                    FieldPlacement {
                        name: "some",
                        ty: Struct {
                            name: "Payload",
                            module_path: Some(
                                "hello_kotlin",
                            ),
                        },
                        offset: 2,
                        is_proxy: false,
                        real_ty: None,
                    },
                ],
                total: Layout {
                    size: 4,
                    align: 2,
                },
            },
        },
        SchemaWrapper {
            kind: Option,
            unique_ident: "__koffi_option_bool",
            members: [
                WrapperMember {
                    name: "some",
                    ty: Scalar(
                        Bool,
                    ),
                },
            ],
            layout: StructLayoutInfo {
                entries: [
                    Value {
                        kotlin_layout: "ValueLayout.JAVA_BYTE",
                        name: "discriminant",
                    },
                    Value {
                        kotlin_layout: "ValueLayout.JAVA_BOOLEAN",
                        name: "",
                    },
                ],
                placements: [
                    FieldPlacement {
                        name: "some",
                        ty: Scalar(
                            Bool,
                        ),
                        offset: 1,
                        is_proxy: false,
                        real_ty: None,
                    },
                ],
                total: Layout {
                    size: 2,
                    align: 1,
                },
            },
        },
        SchemaWrapper {
            kind: Option,
            unique_ident: "__koffi_option_f64",
            members: [
                WrapperMember {
                    name: "some",
                    ty: Scalar(
                        F64,
                    ),
                },
            ],
            layout: StructLayoutInfo {
                entries: [
                    Value {
                        kotlin_layout: "ValueLayout.JAVA_BYTE",
                        name: "discriminant",
                    },
                    Padding {
                        bytes: 7,
                    },
                    Value {
                        kotlin_layout: "ValueLayout.JAVA_DOUBLE",
                        name: "",
                    },
                ],
                placements: [
                    FieldPlacement {
                        name: "some",
                        ty: Scalar(
                            F64,
                        ),
                        offset: 8,
                        is_proxy: false,
                        real_ty: None,
                    },
                ],
                total: Layout {
                    size: 16,
                    align: 8,
                },
            },
        },
        SchemaWrapper {
            kind: Option,
            unique_ident: "__koffi_option_u32",
            members: [
                WrapperMember {
                    name: "some",
                    ty: Scalar(
                        U32,
                    ),
                },
            ],
            layout: StructLayoutInfo {
                entries: [
                    Value {
                        kotlin_layout: "ValueLayout.JAVA_BYTE",
                        name: "discriminant",
                    },
                    Padding {
                        bytes: 3,
                    },
                    Value {
                        kotlin_layout: "ValueLayout.JAVA_INT",
                        name: "",
                    },
                ],
                placements: [
                    FieldPlacement {
                        name: "some",
                        ty: Scalar(
                            U32,
                        ),
                        offset: 4,
                        is_proxy: false,
                        real_ty: None,
                    },
                ],
                total: Layout {
                    size: 8,
                    align: 4,
                },
            },
        },
        SchemaWrapper {
            kind: Result,
            unique_ident: "__koffi_result___koffi_option_u32_u8",
            members: [
                WrapperMember {
                    name: "ok",
                    ty: Option {
                        inner: Scalar(
                            U32,
                        ),
                    },
                },
                WrapperMember {
                    name: "err",
                    ty: Scalar(
                        U8,
                    ),
                },
            ],
            layout: StructLayoutInfo {
                entries: [
                    Value {
                        kotlin_layout: "ValueLayout.JAVA_BYTE",
                        name: "discriminant",
                    },
                    Padding {
                        bytes: 3,
                    },
                    Value {
                        kotlin_layout: "__koffi_option_u32Layout",
                        name: "",
                    },
                ],
                placements: [
                    FieldPlacement {
                        name: "ok",
                        ty: Option {
                            inner: Scalar(
                                U32,
                            ),
                        },
                        offset: 4,
                        is_proxy: false,
                        real_ty: None,
                    },
                    FieldPlacement {
                        name: "err",
                        ty: Scalar(
                            U8,
                        ),
                        offset: 4,
                        is_proxy: false,
                        real_ty: None,
                    },
                ],
                total: Layout {
                    size: 12,
                    align: 4,
                },
            },
        },
        SchemaWrapper {
            kind: Result,
            unique_ident: "__koffi_result___koffi_struct_hello_kotlin_Payload___koffi_enum_hello_kotlin_Status",
            members: [
                WrapperMember {
                    name: "ok",
                    ty: Struct {
                        name: "Payload",
                        module_path: Some(
                            "hello_kotlin",
                        ),
                    },
                },
                WrapperMember {
                    name: "err",
                    ty: Enum {
                        name: "Status",
                        module_path: Some(
                            "hello_kotlin",
                        ),
                        discriminant: I32,
                        has_data: true,
                    },
                },
            ],
            layout: StructLayoutInfo {
                entries: [
                    Value {
                        kotlin_layout: "ValueLayout.JAVA_BYTE",
                        name: "discriminant",
                    },
                    Padding {
                        bytes: 3,
                    },
                    Value {
                        kotlin_layout: "__koffi_enum_hello_kotlin_StatusLayout",
                        name: "",
                    },
                ],
                placements: [
                    FieldPlacement {
                        name: "ok",
                        ty: Struct {
                            name: "Payload",
                            module_path: Some(
                                "hello_kotlin",
                            ),
                        },
                        offset: 4,
                        is_proxy: false,
                        real_ty: None,
                    },
                    FieldPlacement {
                        name: "err",
                        ty: Enum {
                            name: "Status",
                            module_path: Some(
                                "hello_kotlin",
                            ),
                            discriminant: I32,
                            has_data: true,
                        },
                        offset: 4,
                        is_proxy: false,
                        real_ty: None,
                    },
                ],
                total: Layout {
                    size: 12,
                    align: 4,
                },
            },
        },
        SchemaWrapper {
            kind: Result,
            unique_ident: "__koffi_result_u32_u8",
            members: [
                WrapperMember {
                    name: "ok",
                    ty: Scalar(
                        U32,
                    ),
                },
                WrapperMember {
                    name: "err",
                    ty: Scalar(
                        U8,
                    ),
                },
            ],
            layout: StructLayoutInfo {
                entries: [
                    Value {
                        kotlin_layout: "ValueLayout.JAVA_BYTE",
                        name: "discriminant",
                    },
                    Padding {
                        bytes: 3,
                    },
                    Value {
                        kotlin_layout: "ValueLayout.JAVA_INT",
                        name: "",
                    },
                ],
                placements: [
                    FieldPlacement {
                        name: "ok",
                        ty: Scalar(
                            U32,
                        ),
                        offset: 4,
                        is_proxy: false,
                        real_ty: None,
                    },
                    FieldPlacement {
                        name: "err",
                        ty: Scalar(
                            U8,
                        ),
                        offset: 4,
                        is_proxy: false,
                        real_ty: None,
                    },
                ],
                total: Layout {
                    size: 8,
                    align: 4,
                },
            },
        },
    ],
    opaques: [
        SchemaOpaque {
            name: "Window",
            module_path: Some(
                "hello_kotlin",
            ),
        },
    ],
}
